exports[`test should render correctly 1`] = `
<Text
  accessibilityRole="link"
  accessible={true}
  allowFontScaling={true}
  ellipsizeMode="tail"
  onPress={[Function]}
  style={
    Array [
      Object {
        "color": "#333",
        "fontSize": 14,
        "fontStyle": "normal",
        "fontWeight": "normal",
        "paddingVertical": 10,
        "textAlign": "left",
      },
      Array [
        Object {
          "color": "#2f8cff",
          "textDecorationColor": "#2f8cff",
          "textDecorationLine": "underline",
          "textDecorationStyle": "solid",
        },
        undefined,
      ],
    ]
  }>
  This is a link
</Text>
`;
