// Jest Snapshot v1, https://goo.gl/fbAQLP

exports[`should render correctly 1`] = `
<div
  className="rn-alignItems-1oszu61 rn-borderTopStyle-1efd50x rn-borderRightStyle-14skgim rn-borderBottomStyle-rull8r rn-borderLeftStyle-mm0ijv rn-boxSizing-deolkf rn-display-6koalj rn-flexShrink-1pxmb3b rn-flexBasis-7vfszb rn-flexDirection-eqz5dr rn-marginTop-1mnahxq rn-marginRight-61z16t rn-marginBottom-p1pxzi rn-marginLeft-11wrixw rn-paddingTop-wk8lta rn-paddingRight-9aemit rn-paddingBottom-1mdbw0j rn-paddingLeft-gy4na3 rn-position-bnwqim rn-zIndex-1lgpqti"
  style={
    Object {
      "WebkitAlignSelf": "stretch",
      "alignSelf": "stretch",
      "borderBottomColor": "rgba(238,238,238,1)",
      "borderBottomLeftRadius": "5px",
      "borderBottomRightRadius": "5px",
      "borderBottomWidth": "1px",
      "borderLeftColor": "rgba(238,238,238,1)",
      "borderLeftWidth": "1px",
      "borderRightColor": "rgba(238,238,238,1)",
      "borderRightWidth": "1px",
      "borderTopColor": "rgba(238,238,238,1)",
      "borderTopLeftRadius": "5px",
      "borderTopRightRadius": "5px",
      "borderTopWidth": "1px",
      "minHeight": "200px",
      "minWidth": "70px",
      "msFlexItemAlign": "stretch",
      "overflowX": "hidden",
      "overflowY": "hidden",
    }
  }
>
  <div
    className="rn-alignItems-1oszu61 rn-borderTopStyle-1efd50x rn-borderRightStyle-14skgim rn-borderBottomStyle-rull8r rn-borderLeftStyle-mm0ijv rn-borderTopWidth-13yce4e rn-borderRightWidth-fnigne rn-borderBottomWidth-ndvcnb rn-borderLeftWidth-gxnn5r rn-boxSizing-deolkf rn-display-6koalj rn-flexDirection-eqz5dr rn-marginTop-1mnahxq rn-marginRight-61z16t rn-marginBottom-p1pxzi rn-marginLeft-11wrixw rn-minHeight-ifefl9 rn-minWidth-bcqeeo rn-paddingTop-wk8lta rn-paddingRight-9aemit rn-paddingBottom-1mdbw0j rn-paddingLeft-gy4na3 rn-position-bnwqim rn-zIndex-1lgpqti"
    style={
      Object {
        "WebkitAlignSelf": "stretch",
        "WebkitFlex": 1,
        "WebkitFlexGrow": "1 !important",
        "WebkitFlexShrink": "1 !important",
        "alignSelf": "stretch",
        "flex": 1,
        "flexGrow": "1 !important",
        "flexShrink": "1 !important",
        "msFlex": 1,
        "msFlexItemAlign": "stretch",
        "msFlexNegative": "1 !important",
        "msFlexPositive": "1 !important",
      }
    }
  >
    <div
      className="rn-alignItems-1oszu61 rn-borderTopStyle-1efd50x rn-borderRightStyle-14skgim rn-borderBottomStyle-rull8r rn-borderLeftStyle-mm0ijv rn-borderTopWidth-13yce4e rn-borderRightWidth-fnigne rn-borderBottomWidth-ndvcnb rn-borderLeftWidth-gxnn5r rn-boxSizing-deolkf rn-display-6koalj rn-flexShrink-1pxmb3b rn-flexBasis-7vfszb rn-flexDirection-eqz5dr rn-marginTop-1mnahxq rn-marginRight-61z16t rn-marginBottom-p1pxzi rn-marginLeft-11wrixw rn-minHeight-ifefl9 rn-minWidth-bcqeeo rn-paddingTop-wk8lta rn-paddingRight-9aemit rn-paddingBottom-1mdbw0j rn-paddingLeft-gy4na3 rn-zIndex-1lgpqti"
      style={
        Object {
          "bottom": "0px",
          "left": "0px",
          "position": "absolute",
          "right": "0px",
          "top": "0px",
        }
      }
    >
      <div
        className="rn-alignItems-1oszu61 rn-borderTopStyle-1efd50x rn-borderRightStyle-14skgim rn-borderBottomStyle-rull8r rn-borderLeftStyle-mm0ijv rn-borderTopWidth-13yce4e rn-borderRightWidth-fnigne rn-borderBottomWidth-ndvcnb rn-borderLeftWidth-gxnn5r rn-boxSizing-deolkf rn-display-6koalj rn-flexDirection-eqz5dr rn-marginTop-1mnahxq rn-marginRight-61z16t rn-marginBottom-p1pxzi rn-marginLeft-11wrixw rn-minHeight-ifefl9 rn-minWidth-bcqeeo rn-paddingTop-wk8lta rn-paddingRight-9aemit rn-paddingBottom-1mdbw0j rn-paddingLeft-gy4na3 rn-position-bnwqim rn-zIndex-1lgpqti"
        style={
          Object {
            "WebkitFlex": 1,
            "WebkitFlexGrow": "1 !important",
            "WebkitFlexShrink": "1 !important",
            "backgroundColor": "transparent",
            "backgroundPosition": "center",
            "backgroundRepeat": "no-repeat",
            "backgroundSize": "cover",
            "flex": 1,
            "flexGrow": "1 !important",
            "flexShrink": "1 !important",
            "msFlex": 1,
            "msFlexNegative": "1 !important",
            "msFlexPositive": "1 !important",
          }
        }
      />
    </div>
  </div>
  <div
    className="rn-alignItems-1oszu61 rn-borderTopStyle-1efd50x rn-borderRightStyle-14skgim rn-borderBottomStyle-rull8r rn-borderLeftStyle-mm0ijv rn-borderRightWidth-fnigne rn-borderBottomWidth-ndvcnb rn-borderLeftWidth-gxnn5r rn-boxSizing-deolkf rn-display-6koalj rn-flexShrink-1pxmb3b rn-flexBasis-7vfszb rn-flexDirection-eqz5dr rn-marginTop-1mnahxq rn-marginRight-61z16t rn-marginBottom-p1pxzi rn-marginLeft-11wrixw rn-minHeight-ifefl9 rn-minWidth-bcqeeo rn-paddingTop-wk8lta rn-paddingBottom-1mdbw0j rn-position-bnwqim rn-zIndex-1lgpqti"
    style={
      Object {
        "WebkitAlignSelf": "stretch",
        "alignSelf": "stretch",
        "borderBottomColor": "rgba(239,239,239,1)",
        "borderLeftColor": "rgba(239,239,239,1)",
        "borderRightColor": "rgba(239,239,239,1)",
        "borderTopColor": "rgba(239,239,239,1)",
        "borderTopWidth": "1px",
        "height": "40px",
        "msFlexItemAlign": "stretch",
        "overflowX": "hidden",
        "overflowY": "hidden",
        "paddingLeft": "8px",
        "paddingRight": "8px",
      }
    }
  >
    <div
      className="rn-borderTopWidth-13yce4e rn-borderRightWidth-fnigne rn-borderBottomWidth-ndvcnb rn-borderLeftWidth-gxnn5r rn-boxSizing-deolkf rn-display-1471scf rn-fontFamily-14xgk7a rn-fontSize-1b43r93 rn-fontVariant-ebii48 rn-marginTop-1mnahxq rn-marginRight-61z16t rn-marginBottom-p1pxzi rn-marginLeft-11wrixw rn-maxWidth-dnmrzs rn-overflowX-11yh6sk rn-overflowY-buy8e9 rn-paddingRight-9aemit rn-paddingLeft-gy4na3 rn-paddingBottom-1mdbw0j rn-paddingTop-wk8lta rn-textDecoration-bauka4 rn-textOverflow-1udbk01 rn-whiteSpace-3s2u2q rn-wordWrap-qvutc0"
      dir="auto"
      style={
        Object {
          "color": "rgba(51,51,51,1)",
          "fontStyle": "normal",
          "fontWeight": "normal",
          "lineHeight": "40px",
          "textAlign": "left",
        }
      }
    >
      Footer content
    </div>
  </div>
</div>
`;

exports[`should render custom footerContent 1`] = `
<div
  className="rn-alignItems-1oszu61 rn-borderTopStyle-1efd50x rn-borderRightStyle-14skgim rn-borderBottomStyle-rull8r rn-borderLeftStyle-mm0ijv rn-boxSizing-deolkf rn-display-6koalj rn-flexShrink-1pxmb3b rn-flexBasis-7vfszb rn-flexDirection-eqz5dr rn-marginTop-1mnahxq rn-marginRight-61z16t rn-marginBottom-p1pxzi rn-marginLeft-11wrixw rn-overflowX-11yh6sk rn-overflowY-buy8e9 rn-paddingTop-wk8lta rn-paddingRight-9aemit rn-paddingBottom-1mdbw0j rn-paddingLeft-gy4na3 rn-position-bnwqim rn-zIndex-1lgpqti"
  style={
    Object {
      "WebkitAlignSelf": "stretch",
      "alignSelf": "stretch",
      "borderBottomColor": "rgba(238,238,238,1)",
      "borderBottomLeftRadius": "5px",
      "borderBottomRightRadius": "5px",
      "borderBottomWidth": "1px",
      "borderLeftColor": "rgba(238,238,238,1)",
      "borderLeftWidth": "1px",
      "borderRightColor": "rgba(238,238,238,1)",
      "borderRightWidth": "1px",
      "borderTopColor": "rgba(238,238,238,1)",
      "borderTopLeftRadius": "5px",
      "borderTopRightRadius": "5px",
      "borderTopWidth": "1px",
      "minHeight": "200px",
      "minWidth": "70px",
      "msFlexItemAlign": "stretch",
    }
  }
>
  <div
    className="rn-alignItems-1oszu61 rn-borderTopStyle-1efd50x rn-borderRightStyle-14skgim rn-borderBottomStyle-rull8r rn-borderLeftStyle-mm0ijv rn-borderTopWidth-13yce4e rn-borderRightWidth-fnigne rn-borderBottomWidth-ndvcnb rn-borderLeftWidth-gxnn5r rn-boxSizing-deolkf rn-display-6koalj rn-flexDirection-eqz5dr rn-marginTop-1mnahxq rn-marginRight-61z16t rn-marginBottom-p1pxzi rn-marginLeft-11wrixw rn-minHeight-ifefl9 rn-minWidth-bcqeeo rn-paddingTop-wk8lta rn-paddingRight-9aemit rn-paddingBottom-1mdbw0j rn-paddingLeft-gy4na3 rn-position-bnwqim rn-zIndex-1lgpqti"
    style={
      Object {
        "WebkitAlignSelf": "stretch",
        "WebkitFlex": 1,
        "WebkitFlexGrow": "1 !important",
        "WebkitFlexShrink": "1 !important",
        "alignSelf": "stretch",
        "flex": 1,
        "flexGrow": "1 !important",
        "flexShrink": "1 !important",
        "msFlex": 1,
        "msFlexItemAlign": "stretch",
        "msFlexNegative": "1 !important",
        "msFlexPositive": "1 !important",
      }
    }
  />
  <div
    className="rn-alignItems-1oszu61 rn-borderTopStyle-1efd50x rn-borderRightStyle-14skgim rn-borderBottomStyle-rull8r rn-borderLeftStyle-mm0ijv rn-borderRightWidth-fnigne rn-borderBottomWidth-ndvcnb rn-borderLeftWidth-gxnn5r rn-boxSizing-deolkf rn-display-6koalj rn-flexShrink-1pxmb3b rn-flexBasis-7vfszb rn-flexDirection-eqz5dr rn-marginTop-1mnahxq rn-marginRight-61z16t rn-marginBottom-p1pxzi rn-marginLeft-11wrixw rn-minHeight-ifefl9 rn-minWidth-bcqeeo rn-overflowX-11yh6sk rn-overflowY-buy8e9 rn-paddingTop-wk8lta rn-paddingBottom-1mdbw0j rn-position-bnwqim rn-zIndex-1lgpqti"
    style={
      Object {
        "WebkitAlignSelf": "stretch",
        "alignSelf": "stretch",
        "borderBottomColor": "rgba(239,239,239,1)",
        "borderLeftColor": "rgba(239,239,239,1)",
        "borderRightColor": "rgba(239,239,239,1)",
        "borderTopColor": "rgba(239,239,239,1)",
        "borderTopWidth": "1px",
        "height": "40px",
        "msFlexItemAlign": "stretch",
        "paddingLeft": "8px",
        "paddingRight": "8px",
      }
    }
  >
    <div
      className="rn-alignItems-1oszu61 rn-borderTopStyle-1efd50x rn-borderRightStyle-14skgim rn-borderBottomStyle-rull8r rn-borderLeftStyle-mm0ijv rn-borderTopWidth-13yce4e rn-borderRightWidth-fnigne rn-borderBottomWidth-ndvcnb rn-borderLeftWidth-gxnn5r rn-boxSizing-deolkf rn-display-6koalj rn-flexShrink-1pxmb3b rn-flexBasis-7vfszb rn-flexDirection-eqz5dr rn-marginTop-1mnahxq rn-marginRight-61z16t rn-marginBottom-p1pxzi rn-marginLeft-11wrixw rn-minHeight-ifefl9 rn-minWidth-bcqeeo rn-paddingTop-wk8lta rn-paddingRight-9aemit rn-paddingBottom-1mdbw0j rn-paddingLeft-gy4na3 rn-zIndex-1lgpqti"
      style={
        Object {
          "position": "absolute",
        }
      }
    >
      <div
        className="rn-borderTopWidth-13yce4e rn-borderRightWidth-fnigne rn-borderBottomWidth-ndvcnb rn-borderLeftWidth-gxnn5r rn-boxSizing-deolkf rn-color-homxoj rn-display-1471scf rn-fontFamily-14xgk7a rn-fontSize-1b43r93 rn-fontStyle-o11vmf rn-fontVariant-ebii48 rn-fontWeight-gul640 rn-lineHeight-t9a87b rn-marginTop-1mnahxq rn-marginRight-61z16t rn-marginBottom-p1pxzi rn-marginLeft-11wrixw rn-paddingTop-wk8lta rn-paddingRight-9aemit rn-paddingBottom-1mdbw0j rn-paddingLeft-gy4na3 rn-textDecoration-bauka4 rn-whiteSpace-q42fyq rn-wordWrap-qvutc0"
        dir="auto"
      >
        Custom footer content
      </div>
    </div>
  </div>
</div>
`;
