exports[`test should render correctly 1`] = `
<View
  style={undefined}>
  <View
    onLayout={[Function]} />
  <View
    style={
      Object {
        "left": 0,
        "position": "absolute",
        "top": 0,
      }
    }>
    <View
      style={
        Object {
          "flexDirection": "row",
        }
      }>
      <View
        style={
          Array [
            Object {
              "backgroundColor": "#444",
              "borderRadius": 20,
              "padding": 10,
              "paddingVertical": 4,
            },
            Object {
              "backgroundColor": "#2f8cff",
            },
            Array [
              Object {
                "left": 0,
                "marginLeft": -18,
                "top": -10,
              },
            ],
          ]
        }>
        <Text
          accessible={true}
          allowFontScaling={true}
          ellipsizeMode="tail"
          style={
            Array [
              Object {
                "color": "#fff",
                "fontSize": 12,
              },
              undefined,
            ]
          }>
          12
        </Text>
      </View>
    </View>
  </View>
</View>
`;
